{
  "Defs": [
    {
      "UnitType": "basic-css",
      "Unit": "css-sample-0",
      "Path": "main.css#container",
      "Name": "#container",
      "File": "main.css",
      "DefStart": 89,
      "DefEnd": 99,
      "Data": {
        "Name": "",
        "Keyword": "selector",
        "Type": "",
        "Kind": "id",
        "Separator": ""
      }
    },
    {
      "UnitType": "basic-css",
      "Unit": "css-sample-0",
      "Path": "main.css.active:focus",
      "Name": ".active:focus",
      "File": "main.css",
      "DefStart": 800,
      "DefEnd": 817,
      "Data": {
        "Name": "",
        "Keyword": "selector",
        "Type": "",
        "Kind": "class",
        "Separator": ""
      }
    },
    {
      "UnitType": "basic-css",
      "Unit": "css-sample-0",
      "Path": "main.css.alert-info",
      "Name": ".alert-info",
      "File": "main.css",
      "DefStart": 1,
      "DefEnd": 11,
      "Data": {
        "Name": "",
        "Keyword": "selector",
        "Type": "",
        "Kind": "class",
        "Separator": ""
      }
    },
    {
      "UnitType": "basic-css",
      "Unit": "css-sample-0",
      "Path": "main.css.btn",
      "Name": ".btn",
      "File": "main.css",
      "DefStart": 269,
      "DefEnd": 273,
      "Data": {
        "Name": "",
        "Keyword": "selector",
        "Type": "",
        "Kind": "class",
        "Separator": ""
      }
    },
    {
      "UnitType": "basic-css",
      "Unit": "css-sample-0",
      "Path": "main.css.btn-default",
      "Name": ".btn-default",
      "File": "main.css",
      "DefStart": 967,
      "DefEnd": 979,
      "Data": {
        "Name": "",
        "Keyword": "selector",
        "Type": "",
        "Kind": "class",
        "Separator": ""
      }
    },
    {
      "UnitType": "basic-css",
      "Unit": "css-sample-0",
      "Path": "main.css.btn-sm",
      "Name": ".btn-sm",
      "File": "main.css",
      "DefStart": 1048,
      "DefEnd": 1055,
      "Data": {
        "Name": "",
        "Keyword": "selector",
        "Type": "",
        "Kind": "class",
        "Separator": ""
      }
    },
    {
      "UnitType": "basic-css",
      "Unit": "css-sample-0",
      "Path": "main.css.btn:active:focus",
      "Name": ".btn:active:focus",
      "File": "main.css",
      "DefStart": 781,
      "DefEnd": 798,
      "Data": {
        "Name": "",
        "Keyword": "selector",
        "Type": "",
        "Kind": "class",
        "Separator": ""
      }
    },
    {
      "UnitType": "basic-css",
      "Unit": "css-sample-0",
      "Path": "main.css.btn:focus",
      "Name": ".btn:focus",
      "File": "main.css",
      "DefStart": 769,
      "DefEnd": 779,
      "Data": {
        "Name": "",
        "Keyword": "selector",
        "Type": "",
        "Kind": "class",
        "Separator": ""
      }
    },
    {
      "UnitType": "basic-css",
      "Unit": "css-sample-0",
      "Path": "main.css.container-inner",
      "Name": ".container-inner",
      "File": "main.css",
      "DefStart": 172,
      "DefEnd": 201,
      "Data": {
        "Name": "",
        "Keyword": "selector",
        "Type": "",
        "Kind": "class",
        "Separator": ""
      }
    },
    {
      "UnitType": "basic-css",
      "Unit": "css-sample-0",
      "Path": "main.css.focus",
      "Name": ".focus",
      "File": "main.css",
      "DefStart": 819,
      "DefEnd": 829,
      "Data": {
        "Name": "",
        "Keyword": "selector",
        "Type": "",
        "Kind": "class",
        "Separator": ""
      }
    },
    {
      "UnitType": "basic-css",
      "Unit": "css-sample-0",
      "Path": "main.css.paragraph",
      "Name": ".paragraph",
      "File": "main.css",
      "DefStart": 230,
      "DefEnd": 241,
      "Data": {
        "Name": "",
        "Keyword": "selector",
        "Type": "",
        "Kind": "class",
        "Separator": ""
      }
    }
  ],
  "Refs": [
    {
      "DefUnitType": "basic-css",
      "DefUnit": "css-sample-0",
      "DefPath": "#container",
      "Unit": "css-sample-0",
      "File": "main.html",
      "Start": 174,
      "End": 183
    },
    {
      "DefUnitType": "basic-css",
      "DefUnit": "css-sample-0",
      "DefPath": ".alert-info",
      "Unit": "css-sample-0",
      "File": "main.html",
      "Start": 271,
      "End": 281
    },
    {
      "DefUnitType": "basic-css",
      "DefUnit": "css-sample-0",
      "DefPath": ".alert-info",
      "Unit": "css-sample-0",
      "File": "main.html",
      "Start": 413,
      "End": 423
    },
    {
      "DefUnitType": "basic-css",
      "DefUnit": "css-sample-0",
      "DefPath": ".btn-default",
      "Unit": "css-sample-0",
      "File": "main.html",
      "Start": 461,
      "End": 472
    },
    {
      "DefUnitType": "basic-css",
      "DefUnit": "css-sample-0",
      "DefPath": ".btn-default",
      "Unit": "css-sample-0",
      "File": "main.html",
      "Start": 553,
      "End": 564
    },
    {
      "DefUnitType": "basic-css",
      "DefUnit": "css-sample-0",
      "DefPath": ".btn-sm",
      "Unit": "css-sample-0",
      "File": "main.html",
      "Start": 565,
      "End": 571
    },
    {
      "DefUnitType": "basic-css",
      "DefUnit": "css-sample-0",
      "DefPath": ".btn",
      "Unit": "css-sample-0",
      "File": "main.html",
      "Start": 457,
      "End": 460
    },
    {
      "DefUnitType": "basic-css",
      "DefUnit": "css-sample-0",
      "DefPath": ".btn",
      "Unit": "css-sample-0",
      "File": "main.html",
      "Start": 549,
      "End": 552
    },
    {
      "DefUnitType": "basic-css",
      "DefUnit": "css-sample-0",
      "DefPath": ".container-inner",
      "Unit": "css-sample-0",
      "File": "main.html",
      "Start": 210,
      "End": 225
    },
    {
      "DefUnitType": "basic-css",
      "DefUnit": "css-sample-0",
      "DefPath": ".paragraph",
      "Unit": "css-sample-0",
      "File": "main.html",
      "Start": 325,
      "End": 334
    },
    {
      "DefUnitType": "basic-css",
      "DefUnit": "css-sample-0",
      "DefPath": ".paragraph",
      "Unit": "css-sample-0",
      "File": "main.html",
      "Start": 376,
      "End": 385
    },
    {
      "DefUnitType": "URL",
      "DefUnit": "MDN",
      "DefPath": "https://developer.mozilla.org/en-US/docs/Web/CSS/background-color",
      "Unit": "css-sample-0",
      "File": "main.css",
      "Start": 34,
      "End": 50
    },
    {
      "DefUnitType": "URL",
      "DefUnit": "MDN",
      "DefPath": "https://developer.mozilla.org/en-US/docs/Web/CSS/background-color",
      "Unit": "css-sample-0",
      "File": "main.css",
      "Start": 999,
      "End": 1015
    },
    {
      "DefUnitType": "URL",
      "DefUnit": "MDN",
      "DefPath": "https://developer.mozilla.org/en-US/docs/Web/CSS/background-image",
      "Unit": "css-sample-0",
      "File": "main.css",
      "Start": 687,
      "End": 703
    },
    {
      "DefUnitType": "URL",
      "DefUnit": "MDN",
      "DefPath": "https://developer.mozilla.org/en-US/docs/Web/CSS/border-color",
      "Unit": "css-sample-0",
      "File": "main.css",
      "Start": 1025,
      "End": 1037
    },
    {
      "DefUnitType": "URL",
      "DefUnit": "MDN",
      "DefPath": "https://developer.mozilla.org/en-US/docs/Web/CSS/border-color",
      "Unit": "css-sample-0",
      "File": "main.css",
      "Start": 63,
      "End": 75
    },
    {
      "DefUnitType": "URL",
      "DefUnit": "MDN",
      "DefPath": "https://developer.mozilla.org/en-US/docs/Web/CSS/border-radius",
      "Unit": "css-sample-0",
      "File": "main.css",
      "Start": 1142,
      "End": 1155
    },
    {
      "DefUnitType": "URL",
      "DefUnit": "MDN",
      "DefPath": "https://developer.mozilla.org/en-US/docs/Web/CSS/border-radius",
      "Unit": "css-sample-0",
      "File": "main.css",
      "Start": 746,
      "End": 759
    },
    {
      "DefUnitType": "URL",
      "DefUnit": "MDN",
      "DefPath": "https://developer.mozilla.org/en-US/docs/Web/CSS/border",
      "Unit": "css-sample-0",
      "File": "main.css",
      "Start": 713,
      "End": 719
    },
    {
      "DefUnitType": "URL",
      "DefUnit": "MDN",
      "DefPath": "https://developer.mozilla.org/en-US/docs/Web/CSS/color",
      "Unit": "css-sample-0",
      "File": "main.css",
      "Start": 16,
      "End": 21
    },
    {
      "DefUnitType": "URL",
      "DefUnit": "MDN",
      "DefPath": "https://developer.mozilla.org/en-US/docs/Web/CSS/color",
      "Unit": "css-sample-0",
      "File": "main.css",
      "Start": 984,
      "End": 989
    },
    {
      "DefUnitType": "URL",
      "DefUnit": "MDN",
      "DefPath": "https://developer.mozilla.org/en-US/docs/Web/CSS/cursor",
      "Unit": "css-sample-0",
      "File": "main.css",
      "Start": 552,
      "End": 558
    },
    {
      "DefUnitType": "URL",
      "DefUnit": "MDN",
      "DefPath": "https://developer.mozilla.org/en-US/docs/Web/CSS/display",
      "Unit": "css-sample-0",
      "File": "main.css",
      "Start": 278,
      "End": 285
    },
    {
      "DefUnitType": "URL",
      "DefUnit": "MDN",
      "DefPath": "https://developer.mozilla.org/en-US/docs/Web/CSS/font-size",
      "Unit": "css-sample-0",
      "File": "main.css",
      "Start": 1103,
      "End": 1112
    },
    {
      "DefUnitType": "URL",
      "DefUnit": "MDN",
      "DefPath": "https://developer.mozilla.org/en-US/docs/Web/CSS/font-size",
      "Unit": "css-sample-0",
      "File": "main.css",
      "Start": 344,
      "End": 353
    },
    {
      "DefUnitType": "URL",
      "DefUnit": "MDN",
      "DefPath": "https://developer.mozilla.org/en-US/docs/Web/CSS/font-weight",
      "Unit": "css-sample-0",
      "File": "main.css",
      "Start": 363,
      "End": 374
    },
    {
      "DefUnitType": "URL",
      "DefUnit": "MDN",
      "DefPath": "https://developer.mozilla.org/en-US/docs/Web/CSS/line-height",
      "Unit": "css-sample-0",
      "File": "main.css",
      "Start": 1122,
      "End": 1133
    },
    {
      "DefUnitType": "URL",
      "DefUnit": "MDN",
      "DefPath": "https://developer.mozilla.org/en-US/docs/Web/CSS/line-height",
      "Unit": "css-sample-0",
      "File": "main.css",
      "Start": 386,
      "End": 397
    },
    {
      "DefUnitType": "URL",
      "DefUnit": "MDN",
      "DefPath": "https://developer.mozilla.org/en-US/docs/Web/CSS/margin-bottom",
      "Unit": "css-sample-0",
      "File": "main.css",
      "Start": 324,
      "End": 337
    },
    {
      "DefUnitType": "URL",
      "DefUnit": "MDN",
      "DefPath": "https://developer.mozilla.org/en-US/docs/Web/CSS/margin-right",
      "Unit": "css-sample-0",
      "File": "main.css",
      "Start": 149,
      "End": 161
    },
    {
      "DefUnitType": "URL",
      "DefUnit": "MDN",
      "DefPath": "https://developer.mozilla.org/en-US/docs/Web/CSS/outline-offset",
      "Unit": "css-sample-0",
      "File": "main.css",
      "Start": 942,
      "End": 956
    },
    {
      "DefUnitType": "URL",
      "DefUnit": "MDN",
      "DefPath": "https://developer.mozilla.org/en-US/docs/Web/CSS/outline",
      "Unit": "css-sample-0",
      "File": "main.css",
      "Start": 872,
      "End": 879
    },
    {
      "DefUnitType": "URL",
      "DefUnit": "MDN",
      "DefPath": "https://developer.mozilla.org/en-US/docs/Web/CSS/outline",
      "Unit": "css-sample-0",
      "File": "main.css",
      "Start": 896,
      "End": 903
    },
    {
      "DefUnitType": "URL",
      "DefUnit": "MDN",
      "DefPath": "https://developer.mozilla.org/en-US/docs/Web/CSS/padding-left",
      "Unit": "css-sample-0",
      "File": "main.css",
      "Start": 127,
      "End": 139
    },
    {
      "DefUnitType": "URL",
      "DefUnit": "MDN",
      "DefPath": "https://developer.mozilla.org/en-US/docs/Web/CSS/padding-left",
      "Unit": "css-sample-0",
      "File": "main.css",
      "Start": 246,
      "End": 258
    },
    {
      "DefUnitType": "URL",
      "DefUnit": "MDN",
      "DefPath": "https://developer.mozilla.org/en-US/docs/Web/CSS/padding-right",
      "Unit": "css-sample-0",
      "File": "main.css",
      "Start": 104,
      "End": 117
    },
    {
      "DefUnitType": "URL",
      "DefUnit": "MDN",
      "DefPath": "https://developer.mozilla.org/en-US/docs/Web/CSS/padding-right",
      "Unit": "css-sample-0",
      "File": "main.css",
      "Start": 206,
      "End": 219
    },
    {
      "DefUnitType": "URL",
      "DefUnit": "MDN",
      "DefPath": "https://developer.mozilla.org/en-US/docs/Web/CSS/padding",
      "Unit": "css-sample-0",
      "File": "main.css",
      "Start": 1082,
      "End": 1089
    },
    {
      "DefUnitType": "URL",
      "DefUnit": "MDN",
      "DefPath": "https://developer.mozilla.org/en-US/docs/Web/CSS/padding",
      "Unit": "css-sample-0",
      "File": "main.css",
      "Start": 303,
      "End": 310
    },
    {
      "DefUnitType": "URL",
      "DefUnit": "MDN",
      "DefPath": "https://developer.mozilla.org/en-US/docs/Web/CSS/text-align",
      "Unit": "css-sample-0",
      "File": "main.css",
      "Start": 413,
      "End": 423
    },
    {
      "DefUnitType": "URL",
      "DefUnit": "MDN",
      "DefPath": "https://developer.mozilla.org/en-US/docs/Web/CSS/touch-action",
      "Unit": "css-sample-0",
      "File": "main.css",
      "Start": 484,
      "End": 500
    },
    {
      "DefUnitType": "URL",
      "DefUnit": "MDN",
      "DefPath": "https://developer.mozilla.org/en-US/docs/Web/CSS/touch-action",
      "Unit": "css-sample-0",
      "File": "main.css",
      "Start": 522,
      "End": 534
    },
    {
      "DefUnitType": "URL",
      "DefUnit": "MDN",
      "DefPath": "https://developer.mozilla.org/en-US/docs/Web/CSS/user-select",
      "Unit": "css-sample-0",
      "File": "main.css",
      "Start": 571,
      "End": 590
    },
    {
      "DefUnitType": "URL",
      "DefUnit": "MDN",
      "DefPath": "https://developer.mozilla.org/en-US/docs/Web/CSS/user-select",
      "Unit": "css-sample-0",
      "File": "main.css",
      "Start": 603,
      "End": 619
    },
    {
      "DefUnitType": "URL",
      "DefUnit": "MDN",
      "DefPath": "https://developer.mozilla.org/en-US/docs/Web/CSS/user-select",
      "Unit": "css-sample-0",
      "File": "main.css",
      "Start": 633,
      "End": 648
    },
    {
      "DefUnitType": "URL",
      "DefUnit": "MDN",
      "DefPath": "https://developer.mozilla.org/en-US/docs/Web/CSS/user-select",
      "Unit": "css-sample-0",
      "File": "main.css",
      "Start": 666,
      "End": 677
    },
    {
      "DefUnitType": "URL",
      "DefUnit": "MDN",
      "DefPath": "https://developer.mozilla.org/en-US/docs/Web/CSS/vertical-align",
      "Unit": "css-sample-0",
      "File": "main.css",
      "Start": 458,
      "End": 472
    },
    {
      "DefUnitType": "URL",
      "DefUnit": "MDN",
      "DefPath": "https://developer.mozilla.org/en-US/docs/Web/CSS/white-space",
      "Unit": "css-sample-0",
      "File": "main.css",
      "Start": 435,
      "End": 446
    }
  ]
}