{"Name":"css-sample-0","Type":"basic-css","Files":["alerts.css","assets/panels.css","broken.css","main.css","main.html","not-used.css","querystringed.css","subdir/assets/main.css","subdir/assets/main.html"],"Dir":"."}
